// Jest Snapshot v1, https://goo.gl/fbAQLP

exports[`release issue text should generate issue text 1`] = `
"## Release Details

###### Edit the changelogs below and tick the checkboxes to release to each individual environment.

#### New Features
- project: [new feature](https://github.com/onezerocompany/coding/commit/1234567890)

---

<!-- section_begin:firebase -->
### Firebase Hosting

<!-- changelog_begin -->
\`\`\`
New Features:
 - new feature
\`\`\`
<!-- changelog_end -->
<!-- release_item_start -->
- [ ] Release to Firebase
<!-- release_item_end -->
<!-- section_end:firebase -->

---

Created from release: [0.0.1](https://github.com/onezerocompany/coding/releases/tag/0.0.1)"
`;
